2026-01-18 05:20:26,396 - amazon_tracker - INFO - Logging configuré: amazon_tracker (niveau: INFO)
2026-01-18 05:20:26,396 - amazon_tracker - INFO - Fichier de log: logs\amazon_tracker_20260118_052026.log
2026-01-18 05:20:26,397 - amazon_tracker - INFO - ============================================================
2026-01-18 05:20:26,398 - amazon_tracker - INFO - 🚀 Démarrage d'Amazon Tracker Pro
2026-01-18 05:20:26,398 - amazon_tracker - INFO - ============================================================
2026-01-18 05:20:26,499 - amazon_tracker - INFO - Démarrage d'Amazon Tracker Pro...
2026-01-18 05:20:26,500 - amazon_tracker - INFO - Base de données chargée: 2 articles
2026-01-18 05:20:26,916 - amazon_tracker - ERROR - Erreur lors de l'initialisation: name 'scrolledtext' is not defined
Traceback (most recent call last):
  File "C:\Users\eisbr\Nouveau dossier\amazon_tracker.py", line 120, in __init__
    self._setup_ui()
    ~~~~~~~~~~~~~~^^
  File "C:\Users\eisbr\Nouveau dossier\amazon_tracker.py", line 284, in _setup_ui
    self.details_text = scrolledtext.ScrolledText(details_frame, height=4, width=100, state=tk.DISABLED,
                        ^^^^^^^^^^^^
NameError: name 'scrolledtext' is not defined
2026-01-18 05:20:29,135 - amazon_tracker - ERROR - ❌ Erreur fatale: name 'scrolledtext' is not defined
Traceback (most recent call last):
  File "C:\Users\eisbr\Nouveau dossier\main.py", line 41, in main
    app = AmazonTrackerApp(root)
  File "C:\Users\eisbr\Nouveau dossier\amazon_tracker.py", line 120, in __init__
    self._setup_ui()
    ~~~~~~~~~~~~~~^^
  File "C:\Users\eisbr\Nouveau dossier\amazon_tracker.py", line 284, in _setup_ui
    self.details_text = scrolledtext.ScrolledText(details_frame, height=4, width=100, state=tk.DISABLED,
                        ^^^^^^^^^^^^
NameError: name 'scrolledtext' is not defined
2026-01-18 05:20:50,325 - amazon_tracker - INFO - Logging configuré: amazon_tracker (niveau: INFO)
2026-01-18 05:20:50,325 - amazon_tracker - INFO - Fichier de log: logs\amazon_tracker_20260118_052050.log
2026-01-18 05:20:50,326 - amazon_tracker - INFO - ============================================================
2026-01-18 05:20:50,326 - amazon_tracker - INFO - 🚀 Démarrage d'Amazon Tracker Pro
2026-01-18 05:20:50,327 - amazon_tracker - INFO - ============================================================
2026-01-18 05:20:50,437 - amazon_tracker - INFO - Démarrage d'Amazon Tracker Pro...
2026-01-18 05:20:50,438 - amazon_tracker - INFO - Base de données chargée: 2 articles
2026-01-18 05:20:51,021 - amazon_tracker - ERROR - Erreur lors de l'initialisation: 'AmazonTrackerApp' object has no attribute 'tracked_articles'
Traceback (most recent call last):
  File "C:\Users\eisbr\Nouveau dossier\amazon_tracker.py", line 120, in __init__
    self._setup_ui()
    ~~~~~~~~~~~~~~^^
  File "C:\Users\eisbr\Nouveau dossier\amazon_tracker.py", line 304, in _setup_ui
    self.refresh_tracked_list()
    ~~~~~~~~~~~~~~~~~~~~~~~~~^^
  File "C:\Users\eisbr\Nouveau dossier\amazon_tracker.py", line 783, in refresh_tracked_list
    for item in self.tracked_articles:
                ^^^^^^^^^^^^^^^^^^^^^
AttributeError: 'AmazonTrackerApp' object has no attribute 'tracked_articles'
2026-01-18 05:20:56,278 - amazon_tracker - ERROR - ❌ Erreur fatale: 'AmazonTrackerApp' object has no attribute 'tracked_articles'
Traceback (most recent call last):
  File "C:\Users\eisbr\Nouveau dossier\main.py", line 41, in main
    app = AmazonTrackerApp(root)
  File "C:\Users\eisbr\Nouveau dossier\amazon_tracker.py", line 120, in __init__
    self._setup_ui()
    ~~~~~~~~~~~~~~^^
  File "C:\Users\eisbr\Nouveau dossier\amazon_tracker.py", line 304, in _setup_ui
    self.refresh_tracked_list()
    ~~~~~~~~~~~~~~~~~~~~~~~~~^^
  File "C:\Users\eisbr\Nouveau dossier\amazon_tracker.py", line 783, in refresh_tracked_list
    for item in self.tracked_articles:
                ^^^^^^^^^^^^^^^^^^^^^
AttributeError: 'AmazonTrackerApp' object has no attribute 'tracked_articles'
2026-01-19 10:45:06,325 - amazon_tracker - INFO - Logging configuré: amazon_tracker (niveau: INFO)
2026-01-19 10:45:06,325 - amazon_tracker - INFO - Fichier de log: logs\amazon_tracker_20260119_104506.log
2026-01-19 10:45:06,326 - amazon_tracker - INFO - ============================================================
2026-01-19 10:45:06,327 - amazon_tracker - INFO - 🚀 Démarrage d'Amazon Tracker Pro
2026-01-19 10:45:06,328 - amazon_tracker - INFO - ============================================================
2026-01-19 10:45:07,129 - amazon_tracker - INFO - Démarrage d'Amazon Tracker Pro...
2026-01-19 10:45:07,131 - amazon_tracker - INFO - Base de données chargée: 2 articles
2026-01-19 10:45:08,157 - amazon_tracker - ERROR - Erreur lors de l'initialisation: name 'scrolledtext' is not defined
Traceback (most recent call last):
  File "C:\Users\eisbr\Nouveau dossier\amazon_tracker.py", line 120, in __init__
    self._setup_ui()
    ~~~~~~~~~~~~~~^^
  File "C:\Users\eisbr\Nouveau dossier\amazon_tracker.py", line 284, in _setup_ui
    self.details_text = scrolledtext.ScrolledText(details_frame, height=4, width=100, state=tk.DISABLED,
                        ^^^^^^^^^^^^
NameError: name 'scrolledtext' is not defined
2026-01-19 10:45:09,626 - amazon_tracker - ERROR - ❌ Erreur fatale: name 'scrolledtext' is not defined
Traceback (most recent call last):
  File "C:\Users\eisbr\Nouveau dossier\main.py", line 41, in main
    app = AmazonTrackerApp(root)
  File "C:\Users\eisbr\Nouveau dossier\amazon_tracker.py", line 120, in __init__
    self._setup_ui()
    ~~~~~~~~~~~~~~^^
  File "C:\Users\eisbr\Nouveau dossier\amazon_tracker.py", line 284, in _setup_ui
    self.details_text = scrolledtext.ScrolledText(details_frame, height=4, width=100, state=tk.DISABLED,
                        ^^^^^^^^^^^^
NameError: name 'scrolledtext' is not defined
2026-01-19 10:45:30,254 - amazon_tracker - INFO - Logging configuré: amazon_tracker (niveau: INFO)
2026-01-19 10:45:30,255 - amazon_tracker - INFO - Fichier de log: logs\amazon_tracker_20260119_104530.log
2026-01-19 10:45:30,256 - amazon_tracker - INFO - ============================================================
2026-01-19 10:45:30,256 - amazon_tracker - INFO - 🚀 Démarrage d'Amazon Tracker Pro
2026-01-19 10:45:30,256 - amazon_tracker - INFO - ============================================================
2026-01-19 10:45:30,401 - amazon_tracker - INFO - Démarrage d'Amazon Tracker Pro...
2026-01-19 10:45:30,402 - amazon_tracker - INFO - Base de données chargée: 2 articles
2026-01-19 10:45:31,061 - amazon_tracker - ERROR - Erreur lors de l'initialisation: 'AmazonTrackerApp' object has no attribute 'tracked_articles'
Traceback (most recent call last):
  File "C:\Users\eisbr\Nouveau dossier\amazon_tracker.py", line 120, in __init__
    self._setup_ui()
    ~~~~~~~~~~~~~~^^
  File "C:\Users\eisbr\Nouveau dossier\amazon_tracker.py", line 304, in _setup_ui
    self.refresh_tracked_list()
    ~~~~~~~~~~~~~~~~~~~~~~~~~^^
  File "C:\Users\eisbr\Nouveau dossier\amazon_tracker.py", line 783, in refresh_tracked_list
    for item in self.tracked_articles:
                ^^^^^^^^^^^^^^^^^^^^^
AttributeError: 'AmazonTrackerApp' object has no attribute 'tracked_articles'
2026-01-19 10:45:32,538 - amazon_tracker - ERROR - ❌ Erreur fatale: 'AmazonTrackerApp' object has no attribute 'tracked_articles'
Traceback (most recent call last):
  File "C:\Users\eisbr\Nouveau dossier\main.py", line 41, in main
    app = AmazonTrackerApp(root)
  File "C:\Users\eisbr\Nouveau dossier\amazon_tracker.py", line 120, in __init__
    self._setup_ui()
    ~~~~~~~~~~~~~~^^
  File "C:\Users\eisbr\Nouveau dossier\amazon_tracker.py", line 304, in _setup_ui
    self.refresh_tracked_list()
    ~~~~~~~~~~~~~~~~~~~~~~~~~^^
  File "C:\Users\eisbr\Nouveau dossier\amazon_tracker.py", line 783, in refresh_tracked_list
    for item in self.tracked_articles:
                ^^^^^^^^^^^^^^^^^^^^^
AttributeError: 'AmazonTrackerApp' object has no attribute 'tracked_articles'
2026-01-19 10:46:06,875 - amazon_tracker - INFO - Logging configuré: amazon_tracker (niveau: INFO)
2026-01-19 10:46:06,876 - amazon_tracker - INFO - Fichier de log: logs\amazon_tracker_20260119_104606.log
2026-01-19 10:46:06,877 - amazon_tracker - INFO - ============================================================
2026-01-19 10:46:06,878 - amazon_tracker - INFO - 🚀 Démarrage d'Amazon Tracker Pro
2026-01-19 10:46:06,878 - amazon_tracker - INFO - ============================================================
2026-01-19 10:46:07,055 - amazon_tracker - INFO - Démarrage d'Amazon Tracker Pro...
2026-01-19 10:46:07,085 - amazon_tracker - ERROR - Erreur lors du chargement: 'list' object has no attribute 'get'
2026-01-19 10:46:07,898 - amazon_tracker - INFO - Application démarrée avec succès
2026-01-19 10:46:07,898 - amazon_tracker - INFO - ✅ Application initialisée avec succès
2026-01-19 10:46:07,899 - amazon_tracker - INFO - ⏳ Lancement de la boucle d'événement
2026-01-19 10:46:44,164 - amazon_tracker - INFO - Recherche lancée: CASQUE THE G LAB
2026-01-19 10:46:46,236 - amazon_tracker - ERROR - Erreur lors de la recherche: 'AmazonTrackerApp' object has no attribute '_filter_results'
Traceback (most recent call last):
  File "C:\Users\eisbr\Nouveau dossier\amazon_tracker.py", line 375, in _search_thread
    # Fallback si pas de résultats
AttributeError: 'AmazonTrackerApp' object has no attribute '_filter_results'. Did you mean: 'filter_results'?
2026-01-19 10:46:51,910 - amazon_tracker - INFO - Logging configuré: amazon_tracker (niveau: INFO)
2026-01-19 10:46:51,910 - amazon_tracker - INFO - Fichier de log: logs\amazon_tracker_20260119_104651.log
2026-01-19 10:46:51,911 - amazon_tracker - INFO - ============================================================
2026-01-19 10:46:51,911 - amazon_tracker - INFO - 🚀 Démarrage d'Amazon Tracker Pro
2026-01-19 10:46:51,912 - amazon_tracker - INFO - ============================================================
2026-01-19 10:46:52,015 - amazon_tracker - INFO - Démarrage d'Amazon Tracker Pro...
2026-01-19 10:46:52,016 - amazon_tracker - INFO - Base de données chargée: 2 articles
2026-01-19 10:46:52,487 - amazon_tracker - INFO - Application démarrée avec succès
2026-01-19 10:46:52,487 - amazon_tracker - INFO - ✅ Application initialisée avec succès
2026-01-19 10:46:52,488 - amazon_tracker - INFO - ⏳ Lancement de la boucle d'événement
2026-01-19 10:47:14,952 - amazon_tracker - INFO - Recherche lancée: CASQUE THE G LAB
2026-01-19 10:48:25,736 - amazon_tracker - INFO - Logging configuré: amazon_tracker (niveau: INFO)
2026-01-19 10:48:25,737 - amazon_tracker - INFO - Fichier de log: logs\amazon_tracker_20260119_104825.log
2026-01-19 10:48:25,738 - amazon_tracker - INFO - ============================================================
2026-01-19 10:48:25,738 - amazon_tracker - INFO - 🚀 Démarrage d'Amazon Tracker Pro
2026-01-19 10:48:25,739 - amazon_tracker - INFO - ============================================================
2026-01-19 10:48:25,842 - amazon_tracker - INFO - Démarrage d'Amazon Tracker Pro...
2026-01-19 10:48:25,843 - amazon_tracker - INFO - Base de données chargée: 2 articles
2026-01-19 10:48:26,370 - amazon_tracker - INFO - Application démarrée avec succès
2026-01-19 10:48:26,371 - amazon_tracker - INFO - ✅ Application initialisée avec succès
2026-01-19 10:48:26,371 - amazon_tracker - INFO - ⏳ Lancement de la boucle d'événement
2026-01-19 10:48:30,618 - amazon_tracker - INFO - Ouverture de la fenêtre de support client...
2026-01-19 10:48:30,618 - amazon_tracker - INFO - Fenêtre de support client ouverte avec succès
2026-01-19 10:49:20,797 - amazon_tracker - INFO - Logging configuré: amazon_tracker (niveau: INFO)
2026-01-19 10:49:20,797 - amazon_tracker - INFO - Fichier de log: logs\amazon_tracker_20260119_104920.log
2026-01-19 10:49:20,798 - amazon_tracker - INFO - ============================================================
2026-01-19 10:49:20,799 - amazon_tracker - INFO - 🚀 Démarrage d'Amazon Tracker Pro
2026-01-19 10:49:20,799 - amazon_tracker - INFO - ============================================================
2026-01-19 10:49:20,945 - amazon_tracker - INFO - Démarrage d'Amazon Tracker Pro...
2026-01-19 10:49:20,949 - amazon_tracker - INFO - Base de données chargée: 2 articles
2026-01-19 10:49:21,695 - amazon_tracker - INFO - Application démarrée avec succès
2026-01-19 10:49:21,696 - amazon_tracker - INFO - ✅ Application initialisée avec succès
2026-01-19 10:49:21,696 - amazon_tracker - INFO - ⏳ Lancement de la boucle d'événement
2026-01-19 10:49:22,714 - amazon_tracker - INFO - Ouverture de la fenêtre de support client...
2026-01-19 10:49:22,741 - amazon_tracker - INFO - Fenêtre de support client ouverte avec succès
2026-01-19 10:49:34,993 - amazon_tracker - INFO - Ouverture de la fenêtre de support client...
2026-01-19 10:49:35,016 - amazon_tracker - INFO - Fenêtre de support client ouverte avec succès
2026-01-19 10:49:39,129 - amazon_tracker - INFO - Ouverture de la fenêtre de support client...
2026-01-19 10:49:39,151 - amazon_tracker - INFO - Fenêtre de support client ouverte avec succès
2026-01-19 10:49:43,571 - amazon_tracker - INFO - Ouverture de la fenêtre de support client...
2026-01-19 10:49:43,594 - amazon_tracker - INFO - Fenêtre de support client ouverte avec succès
2026-01-19 10:49:46,957 - amazon_tracker.support - INFO - Saved 1 tickets
2026-01-19 10:49:46,957 - amazon_tracker.support - INFO - Created ticket TKT-51128711: fg
2026-01-19 10:49:53,331 - amazon_tracker.support_ui - INFO - Ticket TKT-51128711 created by fg
2026-01-19 10:51:35,665 - amazon_tracker - INFO - Logging configuré: amazon_tracker (niveau: INFO)
2026-01-19 10:51:35,701 - amazon_tracker - INFO - Fichier de log: logs\amazon_tracker_20260119_105135.log
2026-01-19 10:51:35,736 - amazon_tracker - INFO - ============================================================
2026-01-19 10:51:35,737 - amazon_tracker - INFO - 🚀 Démarrage d'Amazon Tracker Pro
2026-01-19 10:51:35,739 - amazon_tracker - INFO - ============================================================
2026-01-19 10:51:35,881 - amazon_tracker - INFO - Démarrage d'Amazon Tracker Pro...
2026-01-19 10:51:35,883 - amazon_tracker - INFO - Base de données chargée: 2 articles
2026-01-19 10:51:36,592 - amazon_tracker - INFO - Application démarrée avec succès
2026-01-19 10:51:36,593 - amazon_tracker - INFO - ✅ Application initialisée avec succès
2026-01-19 10:51:36,594 - amazon_tracker - INFO - ⏳ Lancement de la boucle d'événement
2026-01-19 10:51:38,458 - amazon_tracker - INFO - Ouverture de la fenêtre de support client...
2026-01-19 10:51:38,485 - amazon_tracker - INFO - Fenêtre de support client ouverte avec succès
2026-01-19 10:53:16,607 - amazon_tracker - INFO - Logging configuré: amazon_tracker (niveau: INFO)
2026-01-19 10:53:16,608 - amazon_tracker - INFO - Fichier de log: logs\amazon_tracker_20260119_105316.log
2026-01-19 10:53:16,608 - amazon_tracker - INFO - ============================================================
2026-01-19 10:53:16,609 - amazon_tracker - INFO - 🚀 Démarrage d'Amazon Tracker Pro
2026-01-19 10:53:16,609 - amazon_tracker - INFO - ============================================================
2026-01-19 10:53:16,716 - amazon_tracker - INFO - Démarrage d'Amazon Tracker Pro...
2026-01-19 10:53:16,717 - amazon_tracker - INFO - Base de données chargée: 2 articles
2026-01-19 10:53:17,570 - amazon_tracker - INFO - Application démarrée avec succès
2026-01-19 10:53:17,570 - amazon_tracker - INFO - ✅ Application initialisée avec succès
2026-01-19 10:53:17,571 - amazon_tracker - INFO - ⏳ Lancement de la boucle d'événement
2026-01-19 10:53:25,459 - amazon_tracker - INFO - Ouverture de la fenêtre de support client...
2026-01-19 10:53:25,504 - amazon_tracker - INFO - Fenêtre de support client ouverte avec succès
2026-01-19 10:54:26,071 - amazon_tracker.support_ui - INFO - Discord webhook configured successfully
2026-01-19 10:54:27,112 - amazon_tracker - INFO - Ouverture de la fenêtre de support client...
2026-01-19 10:54:27,136 - amazon_tracker - INFO - Fenêtre de support client ouverte avec succès
2026-01-19 10:54:32,150 - amazon_tracker - INFO - Ouverture de la fenêtre de support client...
2026-01-19 10:54:32,174 - amazon_tracker - INFO - Fenêtre de support client ouverte avec succès
2026-01-19 10:54:49,656 - amazon_tracker.support - INFO - Saved 2 tickets
2026-01-19 10:54:49,656 - amazon_tracker.support - INFO - Created ticket TKT-D46829CE: BUG
2026-01-19 10:54:57,735 - amazon_tracker.support - INFO - Saved 3 tickets
2026-01-19 10:54:57,735 - amazon_tracker.support - INFO - Created ticket TKT-3FD2BA59: BUG
2026-01-19 10:54:59,247 - amazon_tracker.support_ui - INFO - Ticket TKT-3FD2BA59 created by EISBRENNERYANNIS@GMAIL.COM
2026-01-19 10:54:59,861 - amazon_tracker.support_ui - INFO - Ticket TKT-D46829CE created by EISBRENNERYANNIS@GMAIL.COM
2026-01-19 10:56:39,579 - amazon_tracker - INFO - Logging configuré: amazon_tracker (niveau: INFO)
2026-01-19 10:56:39,580 - amazon_tracker - INFO - Fichier de log: logs\amazon_tracker_20260119_105639.log
2026-01-19 10:56:39,581 - amazon_tracker - INFO - ============================================================
2026-01-19 10:56:39,581 - amazon_tracker - INFO - 🚀 Démarrage d'Amazon Tracker Pro
2026-01-19 10:56:39,582 - amazon_tracker - INFO - ============================================================
2026-01-19 10:56:39,688 - amazon_tracker - INFO - Démarrage d'Amazon Tracker Pro...
2026-01-19 10:56:39,689 - amazon_tracker - INFO - Base de données chargée: 2 articles
2026-01-19 10:56:40,307 - amazon_tracker - INFO - Application démarrée avec succès
2026-01-19 10:56:40,307 - amazon_tracker - INFO - ✅ Application initialisée avec succès
2026-01-19 10:56:40,308 - amazon_tracker - INFO - ⏳ Lancement de la boucle d'événement
2026-01-19 10:56:41,782 - amazon_tracker - INFO - Ouverture de la fenêtre de support client...
2026-01-19 10:56:41,828 - amazon_tracker - INFO - Fenêtre de support client ouverte avec succès
2026-01-19 10:57:18,303 - amazon_tracker.support - INFO - Saved 6 tickets
2026-01-19 10:57:18,303 - amazon_tracker.support - INFO - Created ticket TKT-8EB51CE9: app pas fins
2026-01-19 10:57:19,123 - amazon_tracker.support - INFO - Discord notification sent for TKT-8EB51CE9
2026-01-19 10:57:21,832 - amazon_tracker.support_ui - INFO - Ticket TKT-8EB51CE9 created by eisbrenneryannis076@gmail.com
2026-01-19 16:21:07,212 - amazon_tracker - INFO - Logging configuré: amazon_tracker (niveau: INFO)
2026-01-19 16:21:07,213 - amazon_tracker - INFO - Fichier de log: logs\amazon_tracker_20260119_162107.log
2026-01-19 16:21:07,214 - amazon_tracker - INFO - ============================================================
2026-01-19 16:21:07,214 - amazon_tracker - INFO - 🚀 Démarrage d'Amazon Tracker Pro
2026-01-19 16:21:07,214 - amazon_tracker - INFO - ============================================================
2026-01-19 16:21:07,780 - amazon_tracker - INFO - Démarrage d'Amazon Tracker Pro...
2026-01-19 16:21:07,784 - amazon_tracker - INFO - Base de données chargée: 2 articles
2026-01-19 16:21:08,627 - amazon_tracker - INFO - Application démarrée avec succès
2026-01-19 16:21:08,628 - amazon_tracker - INFO - ✅ Application initialisée avec succès
2026-01-19 16:21:08,628 - amazon_tracker - INFO - ⏳ Lancement de la boucle d'événement
2026-01-19 16:21:11,864 - amazon_tracker - INFO - Activity logs window opened
2026-01-19 16:21:17,442 - amazon_tracker - INFO - Activity logs window opened
2026-01-19 16:21:19,442 - amazon_tracker.activity_logger - INFO - Logs exported to activity_logs_export_20260119_162119.json
2026-01-19 16:21:48,877 - amazon_tracker - INFO - Ouverture de la fenêtre de support client...
2026-01-19 16:21:48,911 - amazon_tracker - INFO - Fenêtre de support client ouverte avec succès
2026-01-19 16:22:04,820 - amazon_tracker.support - INFO - Saved 7 tickets
2026-01-19 16:22:04,820 - amazon_tracker.support - INFO - Created ticket TKT-6F43F619: as
2026-01-19 16:22:04,875 - amazon_tracker.activity_logger - INFO - Action logged: sd@gmail.com - ticket_created
2026-01-19 16:22:05,993 - amazon_tracker.support - INFO - Discord notification sent for TKT-6F43F619
2026-01-19 16:22:07,286 - amazon_tracker.support_ui - INFO - Ticket TKT-6F43F619 created by sd@gmail.com
2026-01-19 16:22:29,043 - amazon_tracker - INFO - Activity logs window opened
2026-01-19 17:29:52,677 - amazon_tracker - INFO - ⏹️  Arrêt demandé par l'utilisateur
2026-01-19 17:44:17,749 - amazon_tracker - INFO - Logging configuré: amazon_tracker (niveau: INFO)
2026-01-19 17:44:17,750 - amazon_tracker - INFO - Fichier de log: logs\amazon_tracker_20260119_174417.log
2026-01-19 17:44:17,751 - amazon_tracker - INFO - ============================================================
2026-01-19 17:44:17,751 - amazon_tracker - INFO - 🚀 Démarrage d'Amazon Tracker Pro
2026-01-19 17:44:17,752 - amazon_tracker - INFO - ============================================================
2026-01-19 17:44:17,926 - amazon_tracker - INFO - Démarrage d'Amazon Tracker Pro...
2026-01-19 17:44:17,927 - amazon_tracker - INFO - Base de données chargée: 2 articles
2026-01-19 17:44:18,747 - amazon_tracker - ERROR - Erreur lors de l'initialisation: 'name'
Traceback (most recent call last):
  File "c:\Users\eisbr\Nouveau dossier\amazon_tracker.py", line 144, in __init__
    self._setup_ui()
    ~~~~~~~~~~~~~~^^
  File "c:\Users\eisbr\Nouveau dossier\amazon_tracker.py", line 348, in _setup_ui
    self.refresh_tracked_list()
    ~~~~~~~~~~~~~~~~~~~~~~~~~^^
  File "c:\Users\eisbr\Nouveau dossier\amazon_tracker.py", line 828, in refresh_tracked_list
    self.tracked_listbox.insert(tk.END, f"⭐ {item['name'][:60]} - {item['price']}")
                                              ~~~~^^^^^^^^
KeyError: 'name'
2026-01-19 17:44:20,786 - amazon_tracker - ERROR - ❌ Erreur fatale: 'name'
Traceback (most recent call last):
  File "c:\Users\eisbr\Nouveau dossier\main.py", line 41, in main
    app = AmazonTrackerApp(root)
  File "c:\Users\eisbr\Nouveau dossier\amazon_tracker.py", line 144, in __init__
    self._setup_ui()
    ~~~~~~~~~~~~~~^^
  File "c:\Users\eisbr\Nouveau dossier\amazon_tracker.py", line 348, in _setup_ui
    self.refresh_tracked_list()
    ~~~~~~~~~~~~~~~~~~~~~~~~~^^
  File "c:\Users\eisbr\Nouveau dossier\amazon_tracker.py", line 828, in refresh_tracked_list
    self.tracked_listbox.insert(tk.END, f"⭐ {item['name'][:60]} - {item['price']}")
                                              ~~~~^^^^^^^^
KeyError: 'name'
2026-01-19 17:45:11,764 - __main__ - INFO - Démarrage d'Amazon Tracker Pro...
2026-01-19 17:45:11,765 - __main__ - INFO - Base de données chargée: 2 articles
2026-01-19 17:45:12,283 - __main__ - INFO - Application démarrée avec succès
2026-01-19 17:45:21,255 - amazon_tracker - INFO - Logging configuré: amazon_tracker (niveau: INFO)
2026-01-19 17:45:21,255 - amazon_tracker - INFO - Fichier de log: logs\amazon_tracker_20260119_174521.log
2026-01-19 17:45:21,256 - amazon_tracker - INFO - ============================================================
2026-01-19 17:45:21,256 - amazon_tracker - INFO - 🚀 Démarrage d'Amazon Tracker Pro
2026-01-19 17:45:21,256 - amazon_tracker - INFO - ============================================================
2026-01-19 17:45:21,362 - amazon_tracker - INFO - Démarrage d'Amazon Tracker Pro...
2026-01-19 17:45:21,363 - amazon_tracker - INFO - Base de données chargée: 2 articles
2026-01-19 17:45:21,850 - amazon_tracker - INFO - Application démarrée avec succès
2026-01-19 17:45:21,850 - amazon_tracker - INFO - ✅ Application initialisée avec succès
2026-01-19 17:45:21,851 - amazon_tracker - INFO - ⏳ Lancement de la boucle d'événement
2026-01-19 17:46:03,505 - amazon_tracker - INFO - Logging configuré: amazon_tracker (niveau: INFO)
2026-01-19 17:46:03,506 - amazon_tracker - INFO - Fichier de log: logs\amazon_tracker_20260119_174603.log
2026-01-19 17:46:03,506 - amazon_tracker - INFO - ============================================================
2026-01-19 17:46:03,507 - amazon_tracker - INFO - 🚀 Démarrage d'Amazon Tracker Pro
2026-01-19 17:46:03,507 - amazon_tracker - INFO - ============================================================
2026-01-19 17:46:03,669 - amazon_tracker - INFO - Démarrage d'Amazon Tracker Pro...
2026-01-19 17:46:03,670 - amazon_tracker - INFO - Base de données chargée: 2 articles
2026-01-19 17:46:04,138 - amazon_tracker - INFO - Application démarrée avec succès
2026-01-19 17:46:04,138 - amazon_tracker - INFO - ✅ Application initialisée avec succès
2026-01-19 17:46:04,138 - amazon_tracker - INFO - ⏳ Lancement de la boucle d'événement
2026-01-19 17:49:10,677 - amazon_tracker - INFO - ⏹️  Arrêt demandé par l'utilisateur
